Starting a Gradle Daemon, 1 incompatible and 2 stopped Daemons could not be reused, use --status for details
WARNING: We recommend using a newer Android Gradle plugin to use compileSdk = 36

This Android Gradle plugin (8.7.3) was tested up to compileSdk = 35.

You are strongly encouraged to update your project to use a newer
Android Gradle plugin that has been tested with compileSdk = 36.

If you are already using the latest version of the Android Gradle plugin,
you may need to wait until a newer version with support for compileSdk = 36 is available.

For more information refer to the compatibility table:
https://d.android.com/r/tools/api-level-support

To suppress this warning, add/update
    android.suppressUnsupportedCompileSdk=36
to this project's gradle.properties.
> Task :app:preBuild UP-TO-DATE
> Task :app:preDebugBuild UP-TO-DATE
> Task :app:mergeDebugNativeDebugMetadata NO-SOURCE
> Task :app:checkKotlinGradlePluginConfigurationErrors SKIPPED
> Task :app:generateDebugBuildConfig UP-TO-DATE
> Task :app:checkDebugAarMetadata UP-TO-DATE
> Task :app:generateDebugResValues UP-TO-DATE
> Task :app:mapDebugSourceSetPaths UP-TO-DATE
> Task :app:generateDebugResources UP-TO-DATE
> Task :app:mergeDebugResources UP-TO-DATE
> Task :app:packageDebugResources UP-TO-DATE
> Task :app:parseDebugLocalResources UP-TO-DATE
> Task :app:createDebugCompatibleScreenManifests UP-TO-DATE
> Task :app:extractDeepLinksDebug UP-TO-DATE
> Task :app:processDebugMainManifest UP-TO-DATE
> Task :app:processDebugManifest UP-TO-DATE
> Task :app:processDebugManifestForPackage UP-TO-DATE
> Task :app:processDebugResources UP-TO-DATE
> Task :app:javaPreCompileDebug UP-TO-DATE
> Task :app:mergeDebugShaders UP-TO-DATE
> Task :app:compileDebugShaders NO-SOURCE
> Task :app:generateDebugAssets UP-TO-DATE
> Task :app:mergeDebugAssets UP-TO-DATE
> Task :app:compressDebugAssets UP-TO-DATE
> Task :app:l8DexDesugarLibDebug UP-TO-DATE
> Task :app:desugarDebugFileDependencies UP-TO-DATE
> Task :app:checkDebugDuplicateClasses UP-TO-DATE
> Task :app:mergeExtDexDebug UP-TO-DATE
> Task :app:mergeLibDexDebug UP-TO-DATE

> Task :app:compileDebugKotlin FAILED
.\gradlew.bat : e: file:///C:/Development/Less
/app/src/main/java/com/less/audio/BluetoothAud
ioRouter.kt:20:35 Unresolved reference 
'device'.
At line:1 char:1
+ .\gradlew.bat assembleDebug > 
build_output.txt 2>&1
+ ~~~~~~~~~~~~~~~~~~~~~~~~~~~~~~~~~~~~~~~~~~~~
~~~~~~~
    + CategoryInfo          : NotSpecified: ( 
   e: file:///C:/D...rence 'device'.:String)  
   [], RemoteException
    + FullyQualifiedErrorId : NativeCommandEr 
   ror
 
e: file:///C:/Development/Less/app/src/main/ja
va/com/less/audio/BluetoothAudioRouter.kt:262:
49 Unresolved reference 'DeviceIdentifier'.
e: file:///C:/Development/Less/app/src/main/ja
va/com/less/audio/LessApplication.kt:42:10 
Syntax error: Missing '}.
e: file:///C:/Development/Less/app/src/main/ja
va/com/less/audio/LessApplication.kt:134:1 
Syntax error: Unclosed comment.
e: file:///C:/Development/Less/app/src/main/ja
va/com/less/audio/LessTileService.kt:72:37 
Unresolved reference 'getQnnLibDir'.
e: file:///C:/Development/Less/app/src/main/ja
va/com/less/audio/MainActivity.kt:122:56 
Unresolved reference 'getQnnLibDir'.
e: file:///C:/Development/Less/app/src/main/ja
va/com/less/audio/debug/MockGlassesController.
kt:49:23 Assignment type mismatch: actual 
type is 'com.meta.wearable.dat.mockdevice.api.
MockDeviceKitInterface', but 'com.meta.wearabl
e.dat.mockdevice.MockDeviceKit?' was expected.
e: file:///C:/Development/Less/app/src/main/ja
va/com/less/audio/telemetry/TelemetryManager.k
t:49:65 Argument type mismatch: actual type 
is 'kotlin.Pair<kotlin.String, 
kotlin.String?>', but 
'kotlin.Pair<kotlin.String, kotlin.String>' 
was expected.
e: file:///C:/Development/Less/app/src/main/ja
va/com/less/audio/training/TrainingWorker.kt:3
98:26 Unresolved reference 'launch'.
e: file:///C:/Development/Less/app/src/main/ja
va/com/less/audio/training/TrainingWorker.kt:3
99:13 Suspension functions can only be called 
within coroutine body.
e: file:///C:/Development/Less/app/src/main/ja
va/com/less/audio/training/TrainingWorker.kt:5
13:28 Unresolved reference 
'BATTERY_PROPERTY_TEMPERATURE'.

> Task :app:configureCMakeDebug[arm64-v8a] FAILED
C/C++: CMake Error at CMakeLists.txt:32 (find_package):
C/C++:   Could not find a package configuration file provided by "tensorflow-lite"
C/C++:   with any of the following names:
C/C++:     tensorflow-liteConfig.cmake
C/C++:     tensorflow-lite-config.cmake
C/C++:   Add the installation prefix of "tensorflow-lite" to CMAKE_PREFIX_PATH or
C/C++:   set "tensorflow-lite_DIR" to a directory containing one of the above files.
C/C++:   If "tensorflow-lite" provides a separate development package or SDK, be
C/C++:   sure it has been installed.

FAILURE: Build completed with 2 failures.

1: Task failed with an exception.
-----------
* What went wrong:
Execution failed for task 
':app:compileDebugKotlin'.
> A failure occurred while executing org.jetbr
ains.kotlin.compilerRunner.GradleCompilerRunne
rWithWorkers$GradleKotlinCompilerWorkAction
   > Compilation error. See log for more 
details

* Try:
> Run with --stacktrace option to get the 
stack trace.
> Run with --info or --debug option to get 
more log output.
> Run with --scan to get full insights.
> Get more help at https://help.gradle.org.
==============================================
================================

2: Task failed with an exception.
-----------
* What went wrong:
Execution failed for task 
':app:configureCMakeDebug[arm64-v8a]'.
> [CXX1429] error when building with cmake 
using C:\Development\Less\app\src\main\cpp\CMa
keLists.txt: -- The CXX compiler 
identification is Clang 18.0.1
  -- The C compiler identification is Clang 
18.0.1
  -- Detecting CXX compiler ABI info
  -- Detecting CXX compiler ABI info - done
  -- Check for working CXX compiler: C:/Users/
devon/AppData/Local/Android/Sdk/ndk/27.0.12077
973/toolchains/llvm/prebuilt/windows-x86_64/bi
n/clang++.exe - skipped
  -- Detecting CXX compile features
  -- Detecting CXX compile features - done
  -- Detecting C compiler ABI info
  -- Detecting C compiler ABI info - done
  -- Check for working C compiler: C:/Users/de
von/AppData/Local/Android/Sdk/ndk/27.0.1207797
3/toolchains/llvm/prebuilt/windows-x86_64/bin/
clang.exe - skipped
  -- Detecting C compile features
  -- Detecting C compile features - done
  -- Configuring incomplete, errors occurred!
  See also "C:/Development/Less/app/.cxx/Debug
/4t211o2r/arm64-v8a/CMakeFiles/CMakeOutput.log
".
  
  C++ build system [configure] failed while 
executing:
      @echo off
      "C:\\Users\\devon\\AppData\\Local\\Andro
id\\Sdk\\cmake\\3.22.1\\bin\\cmake.exe" ^
        "-HC:\\Development\\Less\\app\\src\\ma
in\\cpp" ^
        "-DCMAKE_SYSTEM_NAME=Android" ^
        "-DCMAKE_EXPORT_COMPILE_COMMANDS=ON" ^
        "-DCMAKE_SYSTEM_VERSION=33" ^
        "-DANDROID_PLATFORM=android-33" ^
        "-DANDROID_ABI=arm64-v8a" ^
        "-DCMAKE_ANDROID_ARCH_ABI=arm64-v8a" ^
        "-DANDROID_NDK=C:\\Users\\devon\\AppDa
ta\\Local\\Android\\Sdk\\ndk\\27.0.12077973" ^
        "-DCMAKE_ANDROID_NDK=C:\\Users\\devon\
\AppData\\Local\\Android\\Sdk\\ndk\\27.0.12077
973" ^
        "-DCMAKE_TOOLCHAIN_FILE=C:\\Users\\dev
on\\AppData\\Local\\Android\\Sdk\\ndk\\27.0.12
077973\\build\\cmake\\android.toolchain.cmake"
 ^
        "-DCMAKE_MAKE_PROGRAM=C:\\Users\\devon
\\AppData\\Local\\Android\\Sdk\\cmake\\3.22.1\
\bin\\ninja.exe" ^
        "-DCMAKE_CXX_FLAGS=-std=c++17 -O2 
-ffast-math -DANDROID" ^
        "-DCMAKE_LIBRARY_OUTPUT_DIRECTORY=C:\\
Development\\Less\\app\\build\\intermediates\\
cxx\\Debug\\4t211o2r\\obj\\arm64-v8a" ^
        "-DCMAKE_RUNTIME_OUTPUT_DIRECTORY=C:\\
Development\\Less\\app\\build\\intermediates\\
cxx\\Debug\\4t211o2r\\obj\\arm64-v8a" ^
        "-DCMAKE_BUILD_TYPE=Debug" ^
        "-DCMAKE_FIND_ROOT_PATH=C:\\Developmen
t\\Less\\app\\.cxx\\Debug\\4t211o2r\\prefab\\a
rm64-v8a\\prefab" ^
        "-BC:\\Development\\Less\\app\\.cxx\\D
ebug\\4t211o2r\\arm64-v8a" ^
        -GNinja ^
        "-DANDROID_STL=c++_shared" ^
        "-DANDROID_ARM_NEON=TRUE"
    from C:\Development\Less\app
  CMake Error at CMakeLists.txt:32 
(find_package):
    Could not find a package configuration 
file provided by "tensorflow-lite"
    with any of the following names:
  
      tensorflow-liteConfig.cmake
      tensorflow-lite-config.cmake
  
    Add the installation prefix of 
"tensorflow-lite" to CMAKE_PREFIX_PATH or
    set "tensorflow-lite_DIR" to a directory 
containing one of the above files.
    If "tensorflow-lite" provides a separate 
development package or SDK, be
    sure it has been installed. : com.android.
ide.common.process.ProcessException: -- The 
CXX compiler identification is Clang 18.0.1
  -- The C compiler identification is Clang 
18.0.1
  -- Detecting CXX compiler ABI info
  -- Detecting CXX compiler ABI info - done
  -- Check for working CXX compiler: C:/Users/
devon/AppData/Local/Android/Sdk/ndk/27.0.12077
973/toolchains/llvm/prebuilt/windows-x86_64/bi
n/clang++.exe - skipped
  -- Detecting CXX compile features
  -- Detecting CXX compile features - done
  -- Detecting C compiler ABI info
  -- Detecting C compiler ABI info - done
  -- Check for working C compiler: C:/Users/de
von/AppData/Local/Android/Sdk/ndk/27.0.1207797
3/toolchains/llvm/prebuilt/windows-x86_64/bin/
clang.exe - skipped
  -- Detecting C compile features
  -- Detecting C compile features - done
  -- Configuring incomplete, errors occurred!
  See also "C:/Development/Less/app/.cxx/Debug
/4t211o2r/arm64-v8a/CMakeFiles/CMakeOutput.log
".
  
  C++ build system [configure] failed while 
executing:
      @echo off
      "C:\\Users\\devon\\AppData\\Local\\Andro
id\\Sdk\\cmake\\3.22.1\\bin\\cmake.exe" ^
        "-HC:\\Development\\Less\\app\\src\\ma
in\\cpp" ^
        "-DCMAKE_SYSTEM_NAME=Android" ^
        "-DCMAKE_EXPORT_COMPILE_COMMANDS=ON" ^
        "-DCMAKE_SYSTEM_VERSION=33" ^
        "-DANDROID_PLATFORM=android-33" ^
        "-DANDROID_ABI=arm64-v8a" ^
        "-DCMAKE_ANDROID_ARCH_ABI=arm64-v8a" ^
        "-DANDROID_NDK=C:\\Users\\devon\\AppDa
ta\\Local\\Android\\Sdk\\ndk\\27.0.12077973" ^
        "-DCMAKE_ANDROID_NDK=C:\\Users\\devon\
\AppData\\Local\\Android\\Sdk\\ndk\\27.0.12077
973" ^
        "-DCMAKE_TOOLCHAIN_FILE=C:\\Users\\dev
on\\AppData\\Local\\Android\\Sdk\\ndk\\27.0.12
077973\\build\\cmake\\android.toolchain.cmake"
 ^
        "-DCMAKE_MAKE_PROGRAM=C:\\Users\\devon
\\AppData\\Local\\Android\\Sdk\\cmake\\3.22.1\
\bin\\ninja.exe" ^
        "-DCMAKE_CXX_FLAGS=-std=c++17 -O2 
-ffast-math -DANDROID" ^
        "-DCMAKE_LIBRARY_OUTPUT_DIRECTORY=C:\\
Development\\Less\\app\\build\\intermediates\\
cxx\\Debug\\4t211o2r\\obj\\arm64-v8a" ^
        "-DCMAKE_RUNTIME_OUTPUT_DIRECTORY=C:\\
Development\\Less\\app\\build\\intermediates\\
cxx\\Debug\\4t211o2r\\obj\\arm64-v8a" ^
        "-DCMAKE_BUILD_TYPE=Debug" ^
        "-DCMAKE_FIND_ROOT_PATH=C:\\Developmen
t\\Less\\app\\.cxx\\Debug\\4t211o2r\\prefab\\a
rm64-v8a\\prefab" ^
        "-BC:\\Development\\Less\\app\\.cxx\\D
ebug\\4t211o2r\\arm64-v8a" ^
        -GNinja ^
        "-DANDROID_STL=c++_shared" ^
        "-DANDROID_ARM_NEON=TRUE"
    from C:\Development\Less\app
  CMake Error at CMakeLists.txt:32 
(find_package):
    Could not find a package configuration 
file provided by "tensorflow-lite"
    with any of the following names:
  
      tensorflow-liteConfig.cmake
      tensorflow-lite-config.cmake
  
    Add the installation prefix of 
"tensorflow-lite" to CMAKE_PREFIX_PATH or
    set "tensorflow-lite_DIR" to a directory 
containing one of the above files.
    If "tensorflow-lite" provides a separate 
development package or SDK, be
    sure it has been installed.
  	at com.android.build.gradle.internal.cxx.pr
ocess.ExecuteProcessKt.execute(ExecuteProcess.
kt:288)
  	at com.android.build.gradle.internal.cxx.pr
ocess.ExecuteProcessKt$executeProcess$1.invoke
(ExecuteProcess.kt:108)
  	at com.android.build.gradle.internal.cxx.pr
ocess.ExecuteProcessKt$executeProcess$1.invoke
(ExecuteProcess.kt:106)
  	at com.android.build.gradle.internal.cxx.ti
ming.TimingEnvironmentKt.time(TimingEnvironmen
t.kt:32)
  	at com.android.build.gradle.internal.cxx.pr
ocess.ExecuteProcessKt.executeProcess(ExecuteP
rocess.kt:106)
  	at com.android.build.gradle.internal.cxx.pr
ocess.ExecuteProcessKt.executeProcess$default(
ExecuteProcess.kt:85)
  	at com.android.build.gradle.tasks.CmakeQuer
yMetadataGenerator.executeProcess(CmakeFileApi
MetadataGenerator.kt:59)
  	at com.android.build.gradle.tasks.ExternalN
ativeJsonGenerator$configureOneAbi$1$1$3.invok
e(ExternalNativeJsonGenerator.kt:247)
  	at com.android.build.gradle.tasks.ExternalN
ativeJsonGenerator$configureOneAbi$1$1$3.invok
e(ExternalNativeJsonGenerator.kt:247)
  	at com.android.build.gradle.internal.cxx.ti
ming.TimingEnvironmentKt.time(TimingEnvironmen
t.kt:32)
  	at com.android.build.gradle.tasks.ExternalN
ativeJsonGenerator.configureOneAbi(ExternalNat
iveJsonGenerator.kt:247)
  	at com.android.build.gradle.tasks.ExternalN
ativeJsonGenerator.configure(ExternalNativeJso
nGenerator.kt:113)
  	at com.android.build.gradle.tasks.ExternalN
ativeBuildJsonTask.doTaskAction(ExternalNative
BuildJsonTask.kt:89)
  	at com.android.build.gradle.internal.tasks.
UnsafeOutputsTask$taskAction$$inlined$recordTa
skAction$1.invoke(BaseTask.kt:78)
  	at com.android.build.gradle.internal.tasks.
Blocks.recordSpan(Blocks.java:51)
  	at com.android.build.gradle.internal.tasks.
UnsafeOutputsTask.taskAction(UnsafeOutputsTask
.kt:81)
  	at java.base/jdk.internal.reflect.DirectMet
hodHandleAccessor.invoke(Unknown Source)
  	at java.base/java.lang.reflect.Method.invok
e(Unknown Source)
  	at org.gradle.internal.reflect.JavaMethod.i
nvoke(JavaMethod.java:125)
  	at org.gradle.api.internal.project.taskfact
ory.StandardTaskAction.doExecute(StandardTaskA
ction.java:58)
  	at org.gradle.api.internal.project.taskfact
ory.StandardTaskAction.execute(StandardTaskAct
ion.java:51)
  	at org.gradle.api.internal.project.taskfact
ory.StandardTaskAction.execute(StandardTaskAct
ion.java:29)
  	at org.gradle.api.internal.tasks.execution.
TaskExecution$3.run(TaskExecution.java:244)
  	at org.gradle.internal.operations.DefaultBu
ildOperationRunner$1.execute(DefaultBuildOpera
tionRunner.java:29)
  	at org.gradle.internal.operations.DefaultBu
ildOperationRunner$1.execute(DefaultBuildOpera
tionRunner.java:26)
  	at org.gradle.internal.operations.DefaultBu
ildOperationRunner$2.execute(DefaultBuildOpera
tionRunner.java:66)
  	at org.gradle.internal.operations.DefaultBu
ildOperationRunner$2.execute(DefaultBuildOpera
tionRunner.java:59)
  	at org.gradle.internal.operations.DefaultBu
ildOperationRunner.execute(DefaultBuildOperati
onRunner.java:166)
  	at org.gradle.internal.operations.DefaultBu
ildOperationRunner.execute(DefaultBuildOperati
onRunner.java:59)
  	at org.gradle.internal.operations.DefaultBu
ildOperationRunner.run(DefaultBuildOperationRu
nner.java:47)
  	at org.gradle.api.internal.tasks.execution.
TaskExecution.executeAction(TaskExecution.java
:229)
  	at org.gradle.api.internal.tasks.execution.
TaskExecution.executeActions(TaskExecution.jav
a:212)
  	at org.gradle.api.internal.tasks.execution.
TaskExecution.executeWithPreviousOutputFiles(T
askExecution.java:195)
  	at org.gradle.api.internal.tasks.execution.
TaskExecution.execute(TaskExecution.java:162)
  	at org.gradle.internal.execution.steps.Exec
uteStep.executeInternal(ExecuteStep.java:105)
  	at org.gradle.internal.execution.steps.Exec
uteStep.access$000(ExecuteStep.java:44)
  	at org.gradle.internal.execution.steps.Exec
uteStep$1.call(ExecuteStep.java:59)
  	at org.gradle.internal.execution.steps.Exec
uteStep$1.call(ExecuteStep.java:56)
  	at org.gradle.internal.operations.DefaultBu
ildOperationRunner$CallableBuildOperationWorke
r.execute(DefaultBuildOperationRunner.java:209
)
  	at org.gradle.internal.operations.DefaultBu
ildOperationRunner$CallableBuildOperationWorke
r.execute(DefaultBuildOperationRunner.java:204
)
  	at org.gradle.internal.operations.DefaultBu
ildOperationRunner$2.execute(DefaultBuildOpera
tionRunner.java:66)
  	at org.gradle.internal.operations.DefaultBu
ildOperationRunner$2.execute(DefaultBuildOpera
tionRunner.java:59)
  	at org.gradle.internal.operations.DefaultBu
ildOperationRunner.execute(DefaultBuildOperati
onRunner.java:166)
  	at org.gradle.internal.operations.DefaultBu
ildOperationRunner.execute(DefaultBuildOperati
onRunner.java:59)
  	at org.gradle.internal.operations.DefaultBu
ildOperationRunner.call(DefaultBuildOperationR
unner.java:53)
  	at org.gradle.internal.execution.steps.Exec
uteStep.execute(ExecuteStep.java:56)
  	at org.gradle.internal.execution.steps.Exec
uteStep.execute(ExecuteStep.java:44)
  	at org.gradle.internal.execution.steps.Canc
elExecutionStep.execute(CancelExecutionStep.ja
va:42)
  	at org.gradle.internal.execution.steps.Time
outStep.executeWithoutTimeout(TimeoutStep.java
:75)
  	at org.gradle.internal.execution.steps.Time
outStep.execute(TimeoutStep.java:55)
  	at org.gradle.internal.execution.steps.PreC
reateOutputParentsStep.execute(PreCreateOutput
ParentsStep.java:50)
  	at org.gradle.internal.execution.steps.PreC
reateOutputParentsStep.execute(PreCreateOutput
ParentsStep.java:28)
  	at org.gradle.internal.execution.steps.Remo
vePreviousOutputsStep.execute(RemovePreviousOu
tputsStep.java:67)
  	at org.gradle.internal.execution.steps.Remo
vePreviousOutputsStep.execute(RemovePreviousOu
tputsStep.java:37)
  	at org.gradle.internal.execution.steps.Broa
dcastChangingOutputsStep.execute(BroadcastChan
gingOutputsStep.java:61)
  	at org.gradle.internal.execution.steps.Broa
dcastChangingOutputsStep.execute(BroadcastChan
gingOutputsStep.java:26)
  	at org.gradle.internal.execution.steps.Capt
ureOutputsAfterExecutionStep.execute(CaptureOu
tputsAfterExecutionStep.java:69)
  	at org.gradle.internal.execution.steps.Capt
ureOutputsAfterExecutionStep.execute(CaptureOu
tputsAfterExecutionStep.java:46)
  	at org.gradle.internal.execution.steps.Reso
lveInputChangesStep.execute(ResolveInputChange
sStep.java:40)
  	at org.gradle.internal.execution.steps.Reso
lveInputChangesStep.execute(ResolveInputChange
sStep.java:29)
  	at org.gradle.internal.execution.steps.Buil
dCacheStep.executeWithoutCache(BuildCacheStep.
java:189)
  	at org.gradle.internal.execution.steps.Buil
dCacheStep.lambda$execute$1(BuildCacheStep.jav
a:75)
  	at org.gradle.internal.Either$Right.fold(Ei
ther.java:175)
  	at org.gradle.internal.execution.caching.Ca
chingState.fold(CachingState.java:62)
  	at org.gradle.internal.execution.steps.Buil
dCacheStep.execute(BuildCacheStep.java:73)
  	at org.gradle.internal.execution.steps.Buil
dCacheStep.execute(BuildCacheStep.java:48)
  	at org.gradle.internal.execution.steps.Stor
eExecutionStateStep.execute(StoreExecutionStat
eStep.java:46)
  	at org.gradle.internal.execution.steps.Stor
eExecutionStateStep.execute(StoreExecutionStat
eStep.java:35)
  	at org.gradle.internal.execution.steps.Skip
UpToDateStep.executeBecause(SkipUpToDateStep.j
ava:75)
  	at org.gradle.internal.execution.steps.Skip
UpToDateStep.lambda$execute$2(SkipUpToDateStep
.java:53)
  	at java.base/java.util.Optional.orElseGet(U
nknown Source)
  	at org.gradle.internal.execution.steps.Skip
UpToDateStep.execute(SkipUpToDateStep.java:53)
  	at org.gradle.internal.execution.steps.Skip
UpToDateStep.execute(SkipUpToDateStep.java:35)
  	at org.gradle.internal.execution.steps.lega
cy.MarkSnapshottingInputsFinishedStep.execute(
MarkSnapshottingInputsFinishedStep.java:37)
  	at org.gradle.internal.execution.steps.lega
cy.MarkSnapshottingInputsFinishedStep.execute(
MarkSnapshottingInputsFinishedStep.java:27)
  	at org.gradle.internal.execution.steps.Reso
lveIncrementalCachingStateStep.executeDelegate
(ResolveIncrementalCachingStateStep.java:49)
  	at org.gradle.internal.execution.steps.Reso
lveIncrementalCachingStateStep.executeDelegate
(ResolveIncrementalCachingStateStep.java:27)
  	at org.gradle.internal.execution.steps.Abst
ractResolveCachingStateStep.execute(AbstractRe
solveCachingStateStep.java:71)
  	at org.gradle.internal.execution.steps.Abst
ractResolveCachingStateStep.execute(AbstractRe
solveCachingStateStep.java:39)
  	at org.gradle.internal.execution.steps.Reso
lveChangesStep.execute(ResolveChangesStep.java
:65)
  	at org.gradle.internal.execution.steps.Reso
lveChangesStep.execute(ResolveChangesStep.java
:36)
  	at org.gradle.internal.execution.steps.Vali
dateStep.execute(ValidateStep.java:105)
  	at org.gradle.internal.execution.steps.Vali
dateStep.execute(ValidateStep.java:54)
  	at org.gradle.internal.execution.steps.Abst
ractCaptureStateBeforeExecutionStep.execute(Ab
stractCaptureStateBeforeExecutionStep.java:64)
  	at org.gradle.internal.execution.steps.Abst
ractCaptureStateBeforeExecutionStep.execute(Ab
stractCaptureStateBeforeExecutionStep.java:43)
  	at org.gradle.internal.execution.steps.Abst
ractSkipEmptyWorkStep.executeWithNonEmptySourc
es(AbstractSkipEmptyWorkStep.java:125)
  	at org.gradle.internal.execution.steps.Abst
ractSkipEmptyWorkStep.execute(AbstractSkipEmpt
yWorkStep.java:56)
  	at org.gradle.internal.execution.steps.Abst
ractSkipEmptyWorkStep.execute(AbstractSkipEmpt
yWorkStep.java:36)
  	at org.gradle.internal.execution.steps.lega
cy.MarkSnapshottingInputsStartedStep.execute(M
arkSnapshottingInputsStartedStep.java:38)
  	at org.gradle.internal.execution.steps.Load
PreviousExecutionStateStep.execute(LoadPreviou
sExecutionStateStep.java:36)
  	at org.gradle.internal.execution.steps.Load
PreviousExecutionStateStep.execute(LoadPreviou
sExecutionStateStep.java:23)
  	at org.gradle.internal.execution.steps.Hand
leStaleOutputsStep.execute(HandleStaleOutputsS
tep.java:75)
  	at org.gradle.internal.execution.steps.Hand
leStaleOutputsStep.execute(HandleStaleOutputsS
tep.java:41)
  	at org.gradle.internal.execution.steps.Assi
gnMutableWorkspaceStep.lambda$execute$0(Assign
MutableWorkspaceStep.java:35)
  	at org.gradle.api.internal.tasks.execution.
TaskExecution$4.withWorkspace(TaskExecution.ja
va:289)
  	at org.gradle.internal.execution.steps.Assi
gnMutableWorkspaceStep.execute(AssignMutableWo
rkspaceStep.java:31)
  	at org.gradle.internal.execution.steps.Assi
gnMutableWorkspaceStep.execute(AssignMutableWo
rkspaceStep.java:22)
  	at org.gradle.internal.execution.steps.Choo
sePipelineStep.execute(ChoosePipelineStep.java
:40)
  	at org.gradle.internal.execution.steps.Choo
sePipelineStep.execute(ChoosePipelineStep.java
:23)
  	at org.gradle.internal.execution.steps.Exec
uteWorkBuildOperationFiringStep.lambda$execute
$2(ExecuteWorkBuildOperationFiringStep.java:67
)
  	at java.base/java.util.Optional.orElseGet(U
nknown Source)
  	at org.gradle.internal.execution.steps.Exec
uteWorkBuildOperationFiringStep.execute(Execut
eWorkBuildOperationFiringStep.java:67)
  	at org.gradle.internal.execution.steps.Exec
uteWorkBuildOperationFiringStep.execute(Execut
eWorkBuildOperationFiringStep.java:39)
  	at org.gradle.internal.execution.steps.Iden
tityCacheStep.execute(IdentityCacheStep.java:4
6)
  	at org.gradle.internal.execution.steps.Iden
tityCacheStep.execute(IdentityCacheStep.java:3
4)
  	at org.gradle.internal.execution.steps.Iden
tifyStep.execute(IdentifyStep.java:48)
  	at org.gradle.internal.execution.steps.Iden
tifyStep.execute(IdentifyStep.java:35)
  	at org.gradle.internal.execution.impl.Defau
ltExecutionEngine$1.execute(DefaultExecutionEn
gine.java:61)
  	at org.gradle.api.internal.tasks.execution.
ExecuteActionsTaskExecuter.executeIfValid(Exec
uteActionsTaskExecuter.java:127)
  	at org.gradle.api.internal.tasks.execution.
ExecuteActionsTaskExecuter.execute(ExecuteActi
onsTaskExecuter.java:116)
  	at org.gradle.api.internal.tasks.execution.
FinalizePropertiesTaskExecuter.execute(Finaliz
ePropertiesTaskExecuter.java:46)
  	at org.gradle.api.internal.tasks.execution.
ResolveTaskExecutionModeExecuter.execute(Resol
veTaskExecutionModeExecuter.java:51)
  	at org.gradle.api.internal.tasks.execution.
SkipTaskWithNoActionsExecuter.execute(SkipTask
WithNoActionsExecuter.java:57)
  	at org.gradle.api.internal.tasks.execution.
SkipOnlyIfTaskExecuter.execute(SkipOnlyIfTaskE
xecuter.java:74)
  	at org.gradle.api.internal.tasks.execution.
CatchExceptionTaskExecuter.execute(CatchExcept
ionTaskExecuter.java:36)
25 actionable tasks: 2 executed, 23 up-to-date
  	at org.gradle.api.internal.tasks.execution.
EventFiringTaskExecuter$1.executeTask(EventFir
ingTaskExecuter.java:77)
  	at org.gradle.api.internal.tasks.execution.
EventFiringTaskExecuter$1.call(EventFiringTask
Executer.java:55)
  	at org.gradle.api.internal.tasks.execution.
EventFiringTaskExecuter$1.call(EventFiringTask
Executer.java:52)
  	at org.gradle.internal.operations.DefaultBu
ildOperationRunner$CallableBuildOperationWorke
r.execute(DefaultBuildOperationRunner.java:209
)
  	at org.gradle.internal.operations.DefaultBu
ildOperationRunner$CallableBuildOperationWorke
r.execute(DefaultBuildOperationRunner.java:204
)
  	at org.gradle.internal.operations.DefaultBu
ildOperationRunner$2.execute(DefaultBuildOpera
tionRunner.java:66)
  	at org.gradle.internal.operations.DefaultBu
ildOperationRunner$2.execute(DefaultBuildOpera
tionRunner.java:59)
  	at org.gradle.internal.operations.DefaultBu
ildOperationRunner.execute(DefaultBuildOperati
onRunner.java:166)
  	at org.gradle.internal.operations.DefaultBu
ildOperationRunner.execute(DefaultBuildOperati
onRunner.java:59)
  	at org.gradle.internal.operations.DefaultBu
ildOperationRunner.call(DefaultBuildOperationR
unner.java:53)
  	at org.gradle.api.internal.tasks.execution.
EventFiringTaskExecuter.execute(EventFiringTas
kExecuter.java:52)
  	at org.gradle.execution.plan.LocalTaskNodeE
xecutor.execute(LocalTaskNodeExecutor.java:42)
  	at org.gradle.execution.taskgraph.DefaultTa
skExecutionGraph$InvokeNodeExecutorsAction.exe
cute(DefaultTaskExecutionGraph.java:331)
  	at org.gradle.execution.taskgraph.DefaultTa
skExecutionGraph$InvokeNodeExecutorsAction.exe
cute(DefaultTaskExecutionGraph.java:318)
  	at org.gradle.execution.taskgraph.DefaultTa
skExecutionGraph$BuildOperationAwareExecutionA
ction.lambda$execute$0(DefaultTaskExecutionGra
ph.java:314)
  	at org.gradle.internal.operations.CurrentBu
ildOperationRef.with(CurrentBuildOperationRef.
java:85)
  	at org.gradle.execution.taskgraph.DefaultTa
skExecutionGraph$BuildOperationAwareExecutionA
ction.execute(DefaultTaskExecutionGraph.java:3
14)
  	at org.gradle.execution.taskgraph.DefaultTa
skExecutionGraph$BuildOperationAwareExecutionA
ction.execute(DefaultTaskExecutionGraph.java:3
03)
  	at org.gradle.execution.plan.DefaultPlanExe
cutor$ExecutorWorker.execute(DefaultPlanExecut
or.java:459)
  	at org.gradle.execution.plan.DefaultPlanExe
cutor$ExecutorWorker.run(DefaultPlanExecutor.j
ava:376)
  	at org.gradle.internal.concurrent.ExecutorP
olicy$CatchAndRecordFailures.onExecute(Executo
rPolicy.java:64)
  	at org.gradle.internal.concurrent.AbstractM
anagedExecutor$1.run(AbstractManagedExecutor.j
ava:48)
  	at java.base/java.util.concurrent.ThreadPoo
lExecutor.runWorker(Unknown Source)
  	at java.base/java.util.concurrent.ThreadPoo
lExecutor$Worker.run(Unknown Source)
  	at java.base/java.lang.Thread.run(Unknown 
Source)
  Caused by: com.android.ide.common.process.Pr
ocessException: Error while executing process 
C:\Users\devon\AppData\Local\Android\Sdk\cmake
\3.22.1\bin\cmake.exe with arguments 
{-HC:\Development\Less\app\src\main\cpp 
-DCMAKE_SYSTEM_NAME=Android 
-DCMAKE_EXPORT_COMPILE_COMMANDS=ON 
-DCMAKE_SYSTEM_VERSION=33 
-DANDROID_PLATFORM=android-33 
-DANDROID_ABI=arm64-v8a 
-DCMAKE_ANDROID_ARCH_ABI=arm64-v8a -DANDROID_N
DK=C:\Users\devon\AppData\Local\Android\Sdk\nd
k\27.0.12077973 -DCMAKE_ANDROID_NDK=C:\Users\d
evon\AppData\Local\Android\Sdk\ndk\27.0.120779
73 -DCMAKE_TOOLCHAIN_FILE=C:\Users\devon\AppDa
ta\Local\Android\Sdk\ndk\27.0.12077973\build\c
make\android.toolchain.cmake -DCMAKE_MAKE_PROG
RAM=C:\Users\devon\AppData\Local\Android\Sdk\c
make\3.22.1\bin\ninja.exe 
-DCMAKE_CXX_FLAGS=-std=c++17 -O2 -ffast-math 
-DANDROID -DCMAKE_LIBRARY_OUTPUT_DIRECTORY=C:\
Development\Less\app\build\intermediates\cxx\D
ebug\4t211o2r\obj\arm64-v8a -DCMAKE_RUNTIME_OU
TPUT_DIRECTORY=C:\Development\Less\app\build\i
ntermediates\cxx\Debug\4t211o2r\obj\arm64-v8a 
-DCMAKE_BUILD_TYPE=Debug -DCMAKE_FIND_ROOT_PAT
H=C:\Development\Less\app\.cxx\Debug\4t211o2r\
prefab\arm64-v8a\prefab -BC:\Development\Less\
app\.cxx\Debug\4t211o2r\arm64-v8a -GNinja 
-DANDROID_STL=c++_shared 
-DANDROID_ARM_NEON=TRUE}
  	at com.android.build.gradle.internal.proces
s.GradleProcessResult.buildProcessException(Gr
adleProcessResult.java:73)
  	at com.android.build.gradle.internal.proces
s.GradleProcessResult.assertNormalExitValue(Gr
adleProcessResult.java:48)
  	at com.android.build.gradle.internal.cxx.pr
ocess.ExecuteProcessKt.execute(ExecuteProcess.
kt:277)
  	... 139 more
  Caused by: 
org.gradle.process.internal.ExecException: 
Process 'command 'C:\Users\devon\AppData\Local
\Android\Sdk\cmake\3.22.1\bin\cmake.exe'' 
finished with non-zero exit value 1
  	at org.gradle.process.internal.DefaultExecH
andle$ExecResultImpl.assertNormalExitValue(Def
aultExecHandle.java:442)
  	at com.android.build.gradle.internal.proces
s.GradleProcessResult.assertNormalExitValue(Gr
adleProcessResult.java:46)
  	... 140 more


* Try:
> Run with --stacktrace option to get the 
stack trace.
> Run with --info or --debug option to get 
more log output.
> Run with --scan to get full insights.
> Get more help at https://help.gradle.org.
==============================================
================================

BUILD FAILED in 25s
